// Jest Snapshot v1, https://goo.gl/fbAQLP

exports[`Testing Create Page Check Render 1`] = `
<ContextConsumer>
  <Component />
</ContextConsumer>
`;
