// Jest Snapshot v1, https://goo.gl/fbAQLP

exports[`Check Login_Page render 1`] = `<Connect(Login) />`;

exports[`Check Password render 1`] = `<Connect(Login) />`;

exports[`Check user signup page  render 1`] = `<Connect(Login) />`;

exports[`Check verification page loads render 1`] = `<Connect(Login) />`;

exports[`render 1`] = `<Connect(Login) />`;
